[flaskbb.org/index.html]
[flaskbb.org/favicon.ico]
[backblue.gif]
[fade.gif]
[index.html]
[s3.amazonaws.com/github/ribbons/forkme_right_darkblue_121621.png]
[flaskbb.org/features.html]
[flaskbb.org/first_steps.html]
[ajax.googleapis.com/ajax/libs/jquery/1.11.0/jquery.min.js]
[flaskbb.org/index.html]
[flaskbb.org/fonts/glyphicons-halflings-regular.eot]
[flaskbb.org/fonts/glyphicons-halflings-regulard41d.eot]
[flaskbb.org/fonts/glyphicons-halflings-regular.woff]
[flaskbb.org/fonts/glyphicons-halflings-regular.ttf]
[flaskbb.org/fonts/glyphicons-halflings-regular.svg]
[flaskbb.org/css/bootstrap.min.css]
[flaskbb.org/css/main.css]
[flaskbb.org/index-2.html]
[flaskbb.org/images/forum.png]
[flaskbb.org/images/private-messaging.png]
[flaskbb.org/images/admin.png]
[flaskbb.org/images/permissions.png]
[flaskbb.org/images/moderation.png]
[flaskbb.org/images/bbcode.png]
[flaskbb.org/images/topictracker.png]
[flaskbb.org/images/unread.png]
[flaskbb.org/features.html]
[flaskbb.org/first_steps.html]
[flaskbb.org/Popover requires tooltip.js]
[flaskbb.org/js/bootstrap.min.js]
[flaskbb.org/js/holder.js]
[flaskbb.org/fonts/glyphicons-halflings-regular.html]
[flaskbb.org/fonts/glyphicons-halflings-regulard41d.html]
[flaskbb.org/fonts/glyphicons-halflings-regular-2.html]
[flaskbb.org/fonts/glyphicons-halflings-regular-3.html]
[flaskbb.org/fonts/glyphicons-halflings-regular-4.html]
[flaskbb.org/index-2.html]
[flaskbb.org/Popover requires tooltip.html]
